// Vitest Snapshot v1, https://vitest.dev/guide/snapshot.html

exports[`Demo route (App) > matches the bootstrap surface snapshot 1`] = `
<div>
  <div
    class="min-h-screen flex flex-col items-center justify-center gap-8 bg-bg-page text-text-primary p-8"
  >
    <header
      class="flex w-full max-w-2xl items-center justify-between"
    >
      <span
        class="text-sm font-medium uppercase tracking-wider text-text-muted"
      >
        phase1-web-001
      </span>
      <button
        aria-label="Switch to dark mode"
        class="inline-flex items-center justify-center gap-2 whitespace-nowrap rounded-md text-sm font-medium transition-colors focus-visible:outline-none focus-visible:ring-2 focus-visible:ring-brand focus-visible:ring-offset-2 disabled:pointer-events-none disabled:opacity-50 border border-border-default bg-bg-surface text-text-primary hover:bg-bg-surface-raised h-10 w-10"
        data-testid="theme-toggle"
        type="button"
      >
        <svg
          aria-hidden="true"
          class="lucide lucide-moon h-4 w-4"
          fill="none"
          height="24"
          stroke="currentColor"
          stroke-linecap="round"
          stroke-linejoin="round"
          stroke-width="2"
          viewBox="0 0 24 24"
          width="24"
          xmlns="http://www.w3.org/2000/svg"
        >
          <path
            d="M12 3a6 6 0 0 0 9 9 9 9 0 1 1-9-9Z"
          />
        </svg>
      </button>
    </header>
    <main
      class="flex flex-col items-center gap-4 text-center"
    >
      <h1
        class="text-5xl font-semibold tracking-tight text-brand"
        data-testid="brand-heading"
      >
        VaultChain
      </h1>
      <p
        class="max-w-md text-text-secondary"
      >
        Custodial multi-chain wallet with an AI assistant. Design tokens are wired, Tailwind v4 is wired, fonts are self-hosted, and dark mode toggles via
        <code
          class="mx-1 rounded-sm bg-bg-surface-raised px-1 py-0.5 text-text-primary"
        >
          data-theme
        </code>
        on the document root.
      </p>
      <div
        class="mt-2 flex gap-2"
      >
        <button
          class="inline-flex items-center justify-center gap-2 whitespace-nowrap rounded-md text-sm font-medium transition-colors focus-visible:outline-none focus-visible:ring-2 focus-visible:ring-brand focus-visible:ring-offset-2 disabled:pointer-events-none disabled:opacity-50 bg-brand text-text-on-brand hover:bg-brand-hover h-10 px-4 py-2"
        >
          Primary
        </button>
        <button
          class="inline-flex items-center justify-center gap-2 whitespace-nowrap rounded-md text-sm font-medium transition-colors focus-visible:outline-none focus-visible:ring-2 focus-visible:ring-brand focus-visible:ring-offset-2 disabled:pointer-events-none disabled:opacity-50 border border-border-default bg-bg-surface text-text-primary hover:bg-bg-surface-raised h-10 px-4 py-2"
        >
          Secondary
        </button>
        <button
          class="inline-flex items-center justify-center gap-2 whitespace-nowrap rounded-md text-sm font-medium transition-colors focus-visible:outline-none focus-visible:ring-2 focus-visible:ring-brand focus-visible:ring-offset-2 disabled:pointer-events-none disabled:opacity-50 text-text-primary hover:bg-bg-surface-raised h-10 px-4 py-2"
        >
          Ghost
        </button>
      </div>
    </main>
  </div>
</div>
`;
